\BOOKMARK [0][-]{chapter.1}{\376\377\000I\000n\000t\000r\000o\000d\000u\000c\000t\000i\000o\000n\000:\000\040\000L\000e\000g\000i\000t\000i\000m\000a\000c\000y\000\040\000u\000n\000d\000e\000r\000\040\000D\000r\000i\000f\000t}{}% 1
\BOOKMARK [1][-]{section.1.1}{\376\377\000T\000h\000e\000\040\000p\000u\000z\000z\000l\000e\000:\000\040\000r\000e\000g\000i\000m\000e\000s\000\040\000o\000f\000\040\000j\000u\000s\000t\000i\000f\000i\000c\000a\000t\000i\000o\000n\000\040\000i\000n\000\040\000a\000\040\000c\000h\000a\000n\000g\000i\000n\000g\000\040\000e\000n\000v\000i\000r\000o\000n\000m\000e\000n\000t}{chapter.1}% 2
\BOOKMARK [1][-]{section.1.2}{\376\377\000C\000o\000n\000t\000r\000i\000b\000u\000t\000i\000o\000n\000\040\000a\000n\000d\000\040\000t\000a\000r\000g\000e\000t}{chapter.1}% 3
\BOOKMARK [1][-]{section.1.3}{\376\377\000T\000w\000o\000\040\000c\000o\000n\000c\000l\000u\000s\000i\000o\000n\000s\000,\000\040\000k\000e\000p\000t\000\040\000s\000e\000p\000a\000r\000a\000t\000e}{chapter.1}% 4
\BOOKMARK [1][-]{section.1.4}{\376\377\000T\000i\000m\000e\000s\000c\000a\000l\000e\000\040\000p\000r\000e\000v\000i\000e\000w\000\040\000a\000n\000d\000\040\000a\000\040\000v\000i\000g\000n\000e\000t\000t\000e}{chapter.1}% 5
\BOOKMARK [1][-]{section.1.5}{\376\377\000R\000o\000a\000d\000m\000a\000p}{chapter.1}% 6
\BOOKMARK [0][-]{chapter.2}{\376\377\000R\000a\000w\000l\000s\000i\000a\000n\000\040\000S\000t\000a\000b\000i\000l\000i\000t\000y\000\040\000a\000n\000d\000\040\000P\000u\000b\000l\000i\000c\000\040\000R\000e\000a\000s\000o\000n}{}% 7
\BOOKMARK [1][-]{section.2.1}{\376\377\000S\000t\000a\000b\000i\000l\000i\000t\000y\000\040\000f\000o\000r\000\040\000t\000h\000e\000\040\000R\000i\000g\000h\000t\000\040\000R\000e\000a\000s\000o\000n\000s\000:\000\040\000W\000h\000a\000t\040\031\000s\000\040\000a\000t\000\040\000S\000t\000a\000k\000e}{chapter.2}% 8
\BOOKMARK [1][-]{section.2.2}{\376\377\000T\000h\000e\000\040\000T\000h\000r\000e\000e\000\040\000P\000a\000r\000t\000s\000\040\000o\000f\000\040\000P\000u\000b\000l\000i\000c\000\040\000R\000e\000a\000s\000o\000n}{chapter.2}% 9
\BOOKMARK [1][-]{section.2.3}{\376\377\000B\000u\000r\000d\000e\000n\000s\000\040\000o\000f\000\040\000J\000u\000d\000g\000m\000e\000n\000t\000\040\000a\000n\000d\000\040\000t\000h\000e\000\040\000P\000e\000r\000s\000i\000s\000t\000e\000n\000c\000e\000\040\000o\000f\000\040\000R\000e\000a\000s\000o\000n\000a\000b\000l\000e\000\040\000P\000l\000u\000r\000a\000l\000i\000s\000m}{chapter.2}% 10
\BOOKMARK [1][-]{section.2.4}{\376\377\000A\000c\000c\000e\000s\000s\000i\000b\000i\000l\000i\000t\000y\000\040\000a\000n\000d\000\040\000t\000h\000e\000\040\040\034\000P\000u\000b\000l\000i\000c\040\035\000\040\000C\000o\000n\000d\000i\000t\000i\000o\000n}{chapter.2}% 11
\BOOKMARK [1][-]{section.2.5}{\376\377\000R\000a\000t\000i\000o\000n\000a\000l\000\040\000a\000n\000d\000\040\000R\000e\000a\000s\000o\000n\000a\000b\000l\000e}{chapter.2}% 12
\BOOKMARK [1][-]{section.2.6}{\376\377\000W\000e\000i\000t\000h\000m\000a\000n\000\040\000S\000e\000t\000-\000u\000p\000:\000\040\000S\000t\000a\000b\000i\000l\000i\000t\000y\000\040\000a\000s\000\040\000E\000q\000u\000i\000l\000i\000b\000r\000i\000u\000m\000\040\000a\000n\000d\000\040\000R\000a\000w\000l\000s\000'\000s\000\040\000L\000a\000t\000e\000\040\000C\000o\000n\000c\000e\000s\000s\000i\000o\000n}{chapter.2}% 13
\BOOKMARK [0][-]{chapter.3}{\376\377\000F\000e\000a\000s\000i\000b\000i\000l\000i\000t\000y\000\040\000C\000r\000i\000t\000i\000q\000u\000e\000\040\000a\000s\000\040\000I\000n\000t\000e\000r\000n\000a\000l\000\040\000C\000r\000i\000t\000i\000q\000u\000e}{}% 14
\BOOKMARK [1][-]{section.3.1}{\376\377\000T\000h\000e\000\040\000t\000r\000a\000d\000i\000t\000i\000o\000n\000\040\000o\000f\000\040\000f\000e\000a\000s\000i\000b\000i\000l\000i\000t\000y\000\040\000c\000r\000i\000t\000i\000c\000i\000s\000m\000s}{chapter.3}% 15
\BOOKMARK [1][-]{section.3.2}{\376\377\000S\000o\000c\000i\000a\000l\000,\000\040\000i\000n\000s\000t\000i\000t\000u\000t\000i\000o\000n\000a\000l\000,\000\040\000a\000n\000d\000\040\000c\000o\000n\000c\000e\000p\000t\000u\000a\000l\000\040\000f\000e\000a\000s\000i\000b\000i\000l\000i\000t\000y}{chapter.3}% 16
\BOOKMARK [2][-]{subsection.3.2.1}{\376\377\000M\000o\000t\000i\000v\000a\000t\000i\000o\000n\000a\000l\000\040\000f\000e\000a\000s\000i\000b\000i\000l\000i\000t\000y}{section.3.2}% 17
\BOOKMARK [2][-]{subsection.3.2.2}{\376\377\000I\000n\000s\000t\000i\000t\000u\000t\000i\000o\000n\000a\000l\000\040\000f\000e\000a\000s\000i\000b\000i\000l\000i\000t\000y}{section.3.2}% 18
\BOOKMARK [2][-]{subsection.3.2.3}{\376\377\000E\000p\000i\000s\000t\000e\000m\000i\000c\000\040\000a\000n\000d\000\040\000i\000n\000f\000o\000r\000m\000a\000t\000i\000o\000n\000a\000l\000\040\000f\000e\000a\000s\000i\000b\000i\000l\000i\000t\000y}{section.3.2}% 19
\BOOKMARK [2][-]{subsection.3.2.4}{\376\377\000D\000y\000n\000a\000m\000i\000c\000\040\000f\000e\000a\000s\000i\000b\000i\000l\000i\000t\000y}{section.3.2}% 20
\BOOKMARK [1][-]{section.3.3}{\376\377\000W\000h\000y\000\040\000f\000e\000a\000s\000i\000b\000i\000l\000i\000t\000y\000\040\000i\000s\000\040\000a\000n\000\040\000i\000n\000t\000e\000r\000n\000a\000l\000\040\000c\000o\000n\000s\000t\000r\000a\000i\000n\000t\000\040\000h\000e\000r\000e}{chapter.3}% 21
\BOOKMARK [1][-]{section.3.4}{\376\377\000P\000r\000e\000v\000i\000e\000w\000:\000\040\000t\000r\000a\000c\000k\000i\000n\000g\000\040\000a\000n\000d\000\040\000l\000a\000n\000d\000s\000c\000a\000p\000e\000\040\000s\000t\000a\000b\000i\000l\000i\000t\000y}{chapter.3}% 22
\BOOKMARK [2][-]{subsection.3.4.1}{\376\377\000T\000h\000e\000\040\000t\000r\000a\000c\000k\000i\000n\000g\000\040\000r\000e\000q\000u\000i\000r\000e\000m\000e\000n\000t\000\040\000\050\000c\000i\000t\000i\000z\000e\000n\000-\000f\000a\000c\000i\000n\000g\000\051}{section.3.4}% 23
\BOOKMARK [2][-]{subsection.3.4.2}{\376\377\000L\000a\000n\000d\000s\000c\000a\000p\000e\000\040\000s\000t\000a\000b\000i\000l\000i\000t\000y\000\040\000\050\000w\000o\000r\000l\000d\000-\000f\000a\000c\000i\000n\000g\000\051}{section.3.4}% 24
\BOOKMARK [0][-]{chapter.4}{\376\377\000T\000h\000e\000\040\000I\000n\000v\000i\000s\000i\000b\000l\000e\000\040\000L\000i\000m\000i\000t\000s\000:\000\040\000T\000r\000a\000c\000k\000i\000n\000g\000\040\000a\000n\000d\000\040\000L\000a\000n\000d\000s\000c\000a\000p\000e\000\040\000S\000t\000a\000b\000i\000l\000i\000t\000y}{}% 25
\BOOKMARK [1][-]{section.4.1}{\376\377\000T\000h\000e\000\040\000t\000r\000a\000c\000k\000i\000n\000g\000\040\000r\000e\000q\000u\000i\000r\000e\000m\000e\000n\000t\000\040\000\050\000c\000i\000t\000i\000z\000e\000n\000-\000f\000a\000c\000i\000n\000g\000\051}{chapter.4}% 26
\BOOKMARK [2][-]{subsection.4.1.1}{\376\377\000A\000\040\000d\000e\000f\000i\000n\000i\000t\000i\000o\000n}{section.4.1}% 27
\BOOKMARK [2][-]{subsection.4.1.2}{\376\377\000W\000h\000y\000\040\000R\000a\000w\000l\000s\000i\000a\000n\000\040\000s\000t\000a\000b\000i\000l\000i\000t\000y\000\040\000i\000m\000p\000l\000i\000e\000s\000\040\000t\000r\000a\000c\000k\000i\000n\000g}{section.4.1}% 28
\BOOKMARK [2][-]{subsection.4.1.3}{\376\377\000W\000h\000a\000t\000\040\000t\000r\000a\000c\000k\000i\000n\000g\000\040\000i\000s\000\040\000n\000o\000t}{section.4.1}% 29
\BOOKMARK [1][-]{section.4.2}{\376\377\000L\000a\000n\000d\000s\000c\000a\000p\000e\000\040\000s\000t\000a\000b\000i\000l\000i\000t\000y\000\040\000\050\000w\000o\000r\000l\000d\000-\000f\000a\000c\000i\000n\000g\000\051}{chapter.4}% 30
\BOOKMARK [2][-]{subsection.4.2.1}{\376\377\000A\000\040\000d\000e\000f\000i\000n\000i\000t\000i\000o\000n}{section.4.2}% 31
\BOOKMARK [2][-]{subsection.4.2.2}{\376\377\000W\000h\000y\000\040\000l\000a\000n\000d\000s\000c\000a\000p\000e\000\040\000s\000t\000a\000b\000i\000l\000i\000t\000y\000\040\000i\000s\000\040\000r\000e\000q\000u\000i\000r\000e\000d}{section.4.2}% 32
\BOOKMARK [1][-]{section.4.3}{\376\377\000T\000i\000m\000e\000s\000c\000a\000l\000e\000\040\000a\000n\000d\000\040\000g\000r\000a\000n\000u\000l\000a\000r\000i\000t\000y\000\040\000p\000a\000r\000a\000m\000e\000t\000e\000r\000s}{chapter.4}% 33
\BOOKMARK [2][-]{subsection.4.3.1}{\376\377\000T\000i\000m\000e\000s\000c\000a\000l\000e\000\040}{section.4.3}% 34
\BOOKMARK [2][-]{subsection.4.3.2}{\376\377\000G\000r\000a\000n\000u\000l\000a\000r\000i\000t\000y\000\040\000g}{section.4.3}% 35
\BOOKMARK [1][-]{section.4.4}{\376\377\000T\000h\000e\000\040\000g\000r\000a\000n\000u\000l\000a\000r\000i\000t\000y\000\040\000c\000h\000a\000l\000l\000e\000n\000g\000e\000\040\000s\000t\000a\000t\000e\000d\000\040\000c\000l\000e\000a\000n\000l\000y}{chapter.4}% 36
\BOOKMARK [2][-]{subsection.4.4.1}{\376\377\000T\000h\000e\000\040\000c\000h\000a\000l\000l\000e\000n\000g\000e}{section.4.4}% 37
\BOOKMARK [2][-]{subsection.4.4.2}{\376\377\000W\000h\000a\000t\000\040\000r\000e\000m\000a\000i\000n\000s\000\040\000e\000v\000e\000n\000\040\000a\000f\000t\000e\000r\000\040\000c\000o\000a\000r\000s\000e\000-\000g\000r\000a\000i\000n\000i\000n\000g\000\040\000\050\000p\000r\000e\000v\000i\000e\000w\000\040\000o\000n\000l\000y\000\051}{section.4.4}% 38
\BOOKMARK [0][-]{chapter.5}{\376\377\000W\000h\000y\000\040\000T\000h\000e\000s\000e\000\040\000A\000s\000s\000u\000m\000p\000t\000i\000o\000n\000s\000\040\000F\000a\000i\000l\000\040\000i\000n\000\040\000M\000e\000d\000i\000a\000t\000e\000d\000\040\000P\000o\000l\000i\000t\000i\000c\000s}{}% 39
\BOOKMARK [1][-]{section.5.1}{\376\377\000U\000n\000s\000t\000a\000b\000l\000e\000\040\000j\000u\000s\000t\000i\000f\000i\000c\000a\000t\000i\000o\000n}{chapter.5}% 40
\BOOKMARK [2][-]{subsection.5.1.1}{\376\377\000S\000h\000i\000f\000t\000i\000n\000g\000\040\000e\000m\000p\000i\000r\000i\000c\000a\000l\000\040\000r\000e\000g\000u\000l\000a\000r\000i\000t\000i\000e\000s\000\040\000a\000f\000f\000e\000c\000t\000i\000n\000g\000\040\000p\000o\000l\000i\000c\000y\000\040\000c\000o\000n\000s\000e\000q\000u\000e\000n\000c\000e\000s}{section.5.1}% 41
\BOOKMARK [2][-]{subsection.5.1.2}{\376\377\000S\000h\000i\000f\000t\000i\000n\000g\000\040\000m\000o\000r\000a\000l\000\040\000s\000a\000l\000i\000e\000n\000c\000e\000\040\000t\000h\000a\000t\000\040\000r\000e\000w\000e\000i\000g\000h\000t\000s\000\040\000p\000o\000l\000i\000t\000i\000c\000a\000l\000\040\000v\000a\000l\000u\000e\000s}{section.5.1}% 42
\BOOKMARK [1][-]{section.5.2}{\376\377\000T\000r\000a\000c\000k\000i\000n\000g\000\040\000i\000n\000\040\000a\000\040\000m\000e\000d\000i\000a\000t\000e\000d\000\040\000p\000o\000l\000i\000t\000i\000c\000a\000l\000\040\000s\000p\000h\000e\000r\000e}{chapter.5}% 43
\BOOKMARK [1][-]{section.5.3}{\376\377\000I\000n\000t\000e\000r\000i\000m\000\040\000c\000o\000n\000c\000l\000u\000s\000i\000o\000n}{chapter.5}% 44
\BOOKMARK [0][-]{chapter.6}{\376\377\000J\000T\000C\000\040\000a\000n\000d\000\040\000C\000o\000g\000n\000i\000t\000i\000v\000e\000\040\000B\000u\000r\000d\000e\000n}{}% 45
\BOOKMARK [1][-]{section.6.1}{\376\377\000J\000T\000C\000\040\000a\000n\000d\000\040\000R\000a\000w\000l\000s\000i\000a\000n\000\040\000l\000e\000g\000i\000t\000i\000m\000a\000c\000y}{chapter.6}% 46
\BOOKMARK [1][-]{section.6.2}{\376\377\000P\000r\000e\000d\000i\000c\000t\000i\000v\000e\000\040\000b\000r\000a\000i\000n\000s\000,\000\040\000c\000o\000m\000p\000r\000e\000s\000s\000e\000d\000\040\000w\000o\000r\000l\000d\000s}{chapter.6}% 47
\BOOKMARK [1][-]{section.6.3}{\376\377\000D\000r\000i\000f\000t\000\040\000a\000s\000\040\000a\000\040\000d\000e\000f\000e\000a\000t\000e\000r\000\040\000f\000o\000r\000\040\000j\000u\000s\000t\000i\000f\000i\000c\000a\000t\000o\000r\000y\000\040\000b\000e\000l\000i\000e\000f}{chapter.6}% 48
\BOOKMARK [1][-]{section.6.4}{\376\377\000A\000\040\000t\000o\000y\000\040\000m\000o\000d\000e\000l\000\040\000o\000f\000\040\000j\000u\000s\000t\000i\000f\000i\000c\000a\000t\000o\000r\000y\000\040\000t\000r\000a\000c\000k\000i\000n\000g}{chapter.6}% 49
\BOOKMARK [1][-]{section.6.5}{\376\377\000T\000h\000e\000\040\000g\000r\000a\000n\000u\000l\000a\000r\000i\000t\000y\000\040\000r\000e\000p\000l\000y\000\040\000a\000n\000d\000\040\000w\000h\000a\000t\000\040\000s\000u\000r\000v\000i\000v\000e\000s\000\040\000i\000t}{chapter.6}% 50
\BOOKMARK [0][-]{chapter.7}{\376\377\000C\000o\000m\000p\000l\000e\000x\000i\000t\000y\000\040\000a\000n\000d\000\040\000P\000o\000l\000i\000t\000i\000c\000a\000l\000\040\000D\000r\000i\000f\000t}{}% 51
\BOOKMARK [1][-]{section.7.1}{\376\377\000L\000a\000r\000g\000e\000\040\000j\000u\000s\000t\000i\000f\000i\000c\000a\000t\000o\000r\000y\000\040\000s\000p\000a\000c\000e\000s}{chapter.7}% 52
\BOOKMARK [1][-]{section.7.2}{\376\377\000E\000x\000o\000g\000e\000n\000o\000u\000s\000\040\000d\000r\000i\000f\000t\000:\000\040\000s\000h\000o\000c\000k\000s\000,\000\040\000t\000e\000c\000h\000n\000o\000l\000o\000g\000y\000,\000\040\000a\000n\000d\000\040\000c\000h\000a\000n\000g\000i\000n\000g\000\040\000e\000n\000v\000i\000r\000o\000n\000m\000e\000n\000t\000s}{chapter.7}% 53
\BOOKMARK [1][-]{section.7.3}{\376\377\000E\000n\000d\000o\000g\000e\000n\000o\000u\000s\000\040\000d\000r\000i\000f\000t\000:\000\040\000p\000o\000l\000a\000r\000i\000z\000a\000t\000i\000o\000n\000\040\000d\000y\000n\000a\000m\000i\000c\000s\000\040\000a\000n\000d\000\040\000i\000n\000s\000t\000i\000t\000u\000t\000i\000o\000n\000a\000l\000\040\000f\000e\000e\000d\000b\000a\000c\000k}{chapter.7}% 54
\BOOKMARK [1][-]{section.7.4}{\376\377\000N\000o\000n\000-\000l\000i\000n\000e\000a\000r\000\040\000d\000r\000i\000f\000t\000:\000\040\000t\000h\000r\000e\000s\000h\000o\000l\000d\000s\000,\000\040\000t\000i\000p\000p\000i\000n\000g\000\040\000p\000o\000i\000n\000t\000s\000,\000\040\000a\000n\000d\000\040\000p\000h\000a\000s\000e\000\040\000t\000r\000a\000n\000s\000i\000t\000i\000o\000n\000s}{chapter.7}% 55
\BOOKMARK [1][-]{section.7.5}{\376\377\000W\000h\000a\000t\000\040\000c\000o\000m\000p\000l\000e\000x\000i\000t\000y\000\040\000d\000o\000e\000s\000\040\000t\000o\000\040\000R\000a\000w\000l\000s\000i\000a\000n\000\040\000s\000t\000a\000b\000i\000l\000i\000t\000y}{chapter.7}% 56
\BOOKMARK [1][-]{section.7.6}{\376\377\000N\000e\000g\000a\000t\000i\000v\000e\000\040\000f\000e\000e\000d\000b\000a\000c\000k\000\040\000l\000o\000o\000p\000s\000\040\000a\000n\000d\000\040\000p\000a\000r\000t\000i\000a\000l\000\040\000s\000t\000a\000b\000i\000l\000i\000z\000e\000r\000s}{chapter.7}% 57
\BOOKMARK [1][-]{section.7.7}{\376\377\000T\000a\000m\000i\000n\000g\000\040\000d\000r\000i\000f\000t\000:\000\040\000t\000o\000w\000a\000r\000d\000\040\000a\000\040\000c\000o\000m\000p\000l\000e\000x\000i\000t\000y\000-\000a\000w\000a\000r\000e\000\040\000R\000a\000w\000l\000s\000i\000a\000n\000i\000s\000m}{chapter.7}% 58
\BOOKMARK [1][-]{section.7.8}{\376\377\000S\000u\000m\000m\000a\000r\000y}{chapter.7}% 59
\BOOKMARK [0][-]{chapter.8}{\376\377\000A\000t\000t\000e\000m\000p\000t\000\040\000a\000t\000\040\000R\000e\000c\000o\000v\000e\000r\000y\000\040\000a\000n\000d\000\040\000a\000\040\000C\000a\000l\000i\000b\000r\000a\000t\000e\000d\000\040\000R\000e\000b\000u\000t\000t\000a\000l}{}% 60
\BOOKMARK [1][-]{section.8.1}{\376\377\000T\000h\000e\000\040\000b\000e\000s\000t\000-\000c\000a\000s\000e\000\040\000R\000a\000w\000l\000s\000i\000a\000n\000\040\000p\000i\000c\000t\000u\000r\000e}{chapter.8}% 61
\BOOKMARK [1][-]{section.8.2}{\376\377\000R\000e\000c\000o\000v\000e\000r\000y\000\040\000r\000o\000u\000t\000e\000\040\0001\000:\000\040\000d\000i\000v\000i\000s\000i\000o\000n\000\040\000o\000f\000\040\000j\000u\000s\000t\000i\000f\000i\000c\000a\000t\000o\000r\000y\000\040\000l\000a\000b\000o\000r}{chapter.8}% 62
\BOOKMARK [1][-]{section.8.3}{\376\377\000R\000e\000c\000o\000v\000e\000r\000y\000\040\000r\000o\000u\000t\000e\000\040\0002\000:\000\040\000w\000e\000l\000l\000-\000o\000r\000d\000e\000r\000e\000d\000\040\000l\000i\000b\000e\000r\000a\000l\000\040\000s\000o\000c\000i\000e\000t\000y\000\040\000a\000n\000d\000\040\000e\000d\000u\000c\000a\000t\000i\000v\000e\000\040\000i\000n\000s\000t\000i\000t\000u\000t\000i\000o\000n\000s}{chapter.8}% 63
\BOOKMARK [1][-]{section.8.4}{\376\377\000W\000e\000i\000t\000h\000m\000a\000n\040\031\000s\000\040\000r\000e\000c\000o\000v\000e\000r\000y\000\040\000r\000o\000u\000t\000e\000\040\0003\000:\000\040\000f\000r\000o\000m\000\040\000f\000i\000x\000e\000d\000\040\000p\000o\000i\000n\000t\000s\000\040\000t\000o\000\040\000s\000e\000t\000-\000v\000a\000l\000u\000e\000d\000\040\000s\000t\000a\000b\000i\000l\000i\000t\000y}{chapter.8}% 64
\BOOKMARK [2][-]{subsection.8.4.1}{\376\377\000R\000a\000w\000l\000s\040\031\000s\000\040\000c\000o\000n\000c\000e\000s\000s\000i\000o\000n\000\040\000a\000n\000d\000\040\000t\000h\000e\000\040\000n\000e\000e\000d\000\040\000f\000o\000r\000\040\000a\000\040\000n\000e\000w\000\040\000e\000q\000u\000i\000l\000i\000b\000r\000i\000u\000m\000\040\000c\000o\000n\000c\000e\000p\000t}{section.8.4}% 65
\BOOKMARK [2][-]{subsection.8.4.2}{\376\377\000S\000t\000a\000b\000i\000l\000i\000t\000y\000\040\000a\000s\000\040\000`\000`\000r\000e\000m\000a\000i\000n\000i\000n\000g\000\040\000w\000i\000t\000h\000i\000n\000\040\000a\000\040\000b\000a\000l\000l\000'\000'}{section.8.4}% 66
\BOOKMARK [2][-]{subsection.8.4.3}{\376\377\000F\000r\000o\000m\000\040\000p\000o\000i\000n\000t\000-\000v\000a\000l\000u\000e\000d\000\040\000t\000o\000\040\000s\000e\000t\000-\000v\000a\000l\000u\000e\000d\000\040\000e\000q\000u\000i\000l\000i\000b\000r\000i\000u\000m}{section.8.4}% 67
\BOOKMARK [2][-]{subsection.8.4.4}{\376\377\000W\000h\000y\000\040\000t\000h\000i\000s\000\040\000m\000a\000t\000t\000e\000r\000s\000\040\000f\000o\000r\000\040\000t\000h\000e\000\040\000t\000h\000e\000s\000i\000s}{section.8.4}% 68
\BOOKMARK [1][-]{section.8.5}{\376\377\000A\000\040\000c\000a\000l\000i\000b\000r\000a\000t\000e\000d\000\040\000r\000e\000b\000u\000t\000t\000a\000l\000:\000\040\000w\000h\000a\000t\000\040\000s\000t\000i\000l\000l\000\040\000f\000a\000i\000l\000s\000\040\000a\000f\000t\000e\000r\000\040\000t\000h\000e\000\040\000s\000t\000r\000o\000n\000g\000e\000s\000t\000\040\000c\000o\000a\000r\000s\000e\000-\000g\000r\000a\000i\000n\000i\000n\000g\000\040\000m\000o\000v\000e}{chapter.8}% 69
\BOOKMARK [2][-]{subsection.8.5.1}{\376\377\000W\000h\000a\000t\000\040\000W\000e\000i\000t\000h\000m\000a\000n\040\031\000s\000\040\000m\000o\000v\000e\000\040\000g\000e\000n\000u\000i\000n\000e\000l\000y\000\040\000f\000i\000x\000e\000s}{section.8.5}% 70
\BOOKMARK [2][-]{subsection.8.5.2}{\376\377\000W\000h\000a\000t\000\040\000s\000t\000i\000l\000l\000\040\000f\000a\000i\000l\000s\000:\000\040\000t\000r\000a\000c\000k\000i\000n\000g\000\040\000a\000n\000d\000\040\000l\000a\000n\000d\000s\000c\000a\000p\000e\000\040\000s\000t\000a\000b\000i\000l\000i\000t\000y\000\040\000r\000e\000l\000o\000c\000a\000t\000e\000\040\000r\000a\000t\000h\000e\000r\000\040\000t\000h\000a\000n\000\040\000d\000i\000s\000a\000p\000p\000e\000a\000r}{section.8.5}% 71
\BOOKMARK [2][-]{subsection.8.5.3}{\376\377\000C\000a\000l\000i\000b\000r\000a\000t\000e\000d\000\040\000c\000o\000n\000c\000l\000u\000s\000i\000o\000n\000:\000\040\000a\000\040\000c\000o\000n\000d\000i\000t\000i\000o\000n\000a\000l\000\040\000f\000e\000a\000s\000i\000b\000i\000l\000i\000t\000y\000\040\000t\000h\000e\000s\000i\000s}{section.8.5}% 72
\BOOKMARK [1][-]{section.8.6}{\376\377\000O\000b\000j\000e\000c\000t\000i\000o\000n\000s\000\040\000a\000n\000d\000\040\000R\000e\000p\000l\000i\000e\000s}{chapter.8}% 73
\BOOKMARK [0][-]{chapter.9}{\376\377\000I\000n\000s\000t\000i\000t\000u\000t\000i\000o\000n\000s\000\040\000a\000s\000\040\000C\000o\000g\000n\000i\000t\000i\000v\000e\000\040\000P\000r\000o\000s\000t\000h\000e\000t\000i\000c\000s}{}% 74
\BOOKMARK [1][-]{section.9.1}{\376\377\000M\000o\000t\000i\000v\000a\000t\000i\000o\000n\000:\000\040\000f\000r\000o\000m\000\040\000i\000n\000d\000i\000v\000i\000d\000u\000a\000l\000\040\000t\000r\000a\000c\000k\000i\000n\000g\000\040\000t\000o\000\040\000i\000n\000s\000t\000i\000t\000u\000t\000i\000o\000n\000a\000l\000\040\000s\000c\000a\000f\000f\000o\000l\000d\000i\000n\000g}{chapter.9}% 75
\BOOKMARK [1][-]{section.9.2}{\376\377\000I\000n\000s\000t\000i\000t\000u\000t\000i\000o\000n\000s\000\040\000a\000s\000\040\000c\000o\000g\000n\000i\000t\000i\000v\000e\000\040\000p\000r\000o\000s\000t\000h\000e\000t\000i\000c\000s\000:\000\040\000d\000e\000f\000i\000n\000i\000t\000i\000o\000n\000\040\000a\000n\000d\000\040\000s\000c\000o\000p\000e}{chapter.9}% 76
\BOOKMARK [1][-]{section.9.3}{\376\377\000I\000n\000s\000t\000i\000t\000u\000t\000i\000o\000n\000a\000l\000\040\000f\000i\000l\000t\000e\000r\000s\000\040\000a\000n\000d\000\040\000f\000e\000e\000d\000b\000a\000c\000k\000\040\000l\000o\000o\000p\000s}{chapter.9}% 77
\BOOKMARK [2][-]{subsection.9.3.1}{\376\377\000P\000o\000l\000y\000c\000e\000n\000t\000r\000i\000c\000\040\000s\000t\000r\000u\000c\000t\000u\000r\000e\000\040\000a\000s\000\040\000a\000n\000\040\000e\000p\000i\000s\000t\000e\000m\000i\000c\000\040\000c\000h\000e\000c\000k}{section.9.3}% 78
\BOOKMARK [2][-]{subsection.9.3.2}{\376\377\000L\000e\000g\000i\000b\000i\000l\000i\000t\000y\000,\000\040\000t\000h\000i\000n\000\040\000s\000i\000m\000p\000l\000i\000f\000i\000c\000a\000t\000i\000o\000n\000s\000,\000\040\000a\000n\000d\000\040\000t\000h\000e\000\040\000n\000e\000e\000d\000\040\000f\000o\000r\000\040\000l\000o\000c\000a\000l\000\040\000k\000n\000o\000w\000l\000e\000d\000g\000e}{section.9.3}% 79
\BOOKMARK [2][-]{subsection.9.3.3}{\376\377\000C\000o\000l\000l\000e\000c\000t\000i\000v\000e\000\040\000i\000n\000t\000e\000l\000l\000i\000g\000e\000n\000c\000e\000\040\000w\000i\000t\000h\000o\000u\000t\000\040\000t\000e\000c\000h\000n\000o\000c\000r\000a\000c\000y}{section.9.3}% 80
\BOOKMARK [2][-]{subsection.9.3.4}{\376\377\000W\000h\000a\000t\000\040\000i\000n\000s\000t\000i\000t\000u\000t\000i\000o\000n\000a\000l\000\040\000f\000i\000l\000t\000e\000r\000s\000\040\000c\000a\000n\000\040\000l\000o\000o\000k\000\040\000l\000i\000k\000e}{section.9.3}% 81
\BOOKMARK [1][-]{section.9.4}{\376\377\000P\000a\000t\000e\000r\000n\000a\000l\000i\000s\000m\000\040\000a\000n\000d\000\040\000m\000a\000n\000i\000p\000u\000l\000a\000t\000i\000o\000n\000:\000\040\000t\000h\000e\000\040\000h\000a\000r\000d\000\040\000o\000b\000j\000e\000c\000t\000i\000o\000n}{chapter.9}% 82
\BOOKMARK [1][-]{section.9.5}{\376\377\000D\000e\000s\000i\000g\000n\000\040\000p\000r\000i\000n\000c\000i\000p\000l\000e\000s\000:\000\040\000d\000e\000m\000o\000c\000r\000a\000t\000i\000c\000\040\000s\000a\000f\000e\000g\000u\000a\000r\000d\000s\000\040\000f\000o\000r\000\040\000e\000p\000i\000s\000t\000e\000m\000i\000c\000\040\000i\000n\000s\000t\000i\000t\000u\000t\000i\000o\000n\000s}{chapter.9}% 83
\BOOKMARK [2][-]{subsection.9.5.1}{\376\377\000T\000r\000a\000n\000s\000p\000a\000r\000e\000n\000c\000y\000\040\000a\000s\000\040\000a\000\040\000c\000o\000n\000d\000i\000t\000i\000o\000n\000\040\000o\000f\000\040\000p\000u\000b\000l\000i\000c\000\040\000j\000u\000s\000t\000i\000f\000i\000c\000a\000t\000i\000o\000n}{section.9.5}% 84
\BOOKMARK [2][-]{subsection.9.5.2}{\376\377\000C\000o\000n\000t\000e\000s\000t\000a\000b\000i\000l\000i\000t\000y\000\040\000t\000h\000r\000o\000u\000g\000h\000\040\000s\000t\000r\000u\000c\000t\000u\000r\000e\000d\000\040\000c\000h\000a\000l\000l\000e\000n\000g\000e\000\040\000a\000n\000d\000\040\000a\000d\000j\000u\000d\000i\000c\000a\000t\000i\000o\000n}{section.9.5}% 85
\BOOKMARK [2][-]{subsection.9.5.3}{\376\377\000P\000o\000l\000y\000c\000e\000n\000t\000r\000i\000c\000i\000t\000y\000\040\000a\000n\000d\000\040\000a\000n\000t\000i\000-\000c\000a\000p\000t\000u\000r\000e\000\040\000r\000e\000d\000u\000n\000d\000a\000n\000c\000y}{section.9.5}% 86
\BOOKMARK [2][-]{subsection.9.5.4}{\376\377\000L\000o\000c\000a\000l\000\040\000k\000n\000o\000w\000l\000e\000d\000g\000e\000\040\000a\000n\000d\000\040\000h\000u\000m\000i\000l\000i\000t\000y\000\040\000a\000g\000a\000i\000n\000s\000t\000\040\000t\000h\000i\000n\000\040\000s\000i\000m\000p\000l\000i\000f\000i\000c\000a\000t\000i\000o\000n\000s}{section.9.5}% 87
\BOOKMARK [2][-]{subsection.9.5.5}{\376\377\000C\000o\000n\000s\000t\000i\000t\000u\000t\000i\000o\000n\000a\000l\000\040\000a\000u\000t\000h\000o\000r\000i\000z\000a\000t\000i\000o\000n\000\040\000a\000n\000d\000\040\000c\000i\000t\000i\000z\000e\000n\000\040\000c\000o\000n\000t\000r\000o\000l\000\040\000o\000v\000e\000r\000\040\000t\000i\000m\000e}{section.9.5}% 88
\BOOKMARK [1][-]{section.9.6}{\376\377\000B\000r\000i\000d\000g\000e\000:\000\040\000s\000t\000a\000b\000i\000l\000i\000t\000y\000,\000\040\000j\000u\000s\000t\000i\000c\000e\000,\000\040\000a\000n\000d\000\040\000W\000e\000i\000t\000h\000m\000a\000n\040\031\000s\000\040\000r\000e\000s\000c\000u\000e\000\040\000p\000r\000o\000j\000e\000c\000t}{chapter.9}% 89
\BOOKMARK [1][-]{section.9.7}{\376\377\000S\000u\000m\000m\000a\000r\000y\000\040\000a\000n\000d\000\040\000t\000r\000a\000n\000s\000i\000t\000i\000o\000n}{chapter.9}% 90
\BOOKMARK [0][-]{chapter.10}{\376\377\000C\000o\000n\000c\000l\000u\000s\000i\000o\000n\000:\000\040\000W\000h\000a\000t\000\040\000F\000o\000l\000l\000o\000w\000s\000\040\000f\000r\000o\000m\000\040\000t\000h\000e\000\040\000I\000n\000v\000i\000s\000i\000b\000l\000e\000\040\000L\000i\000m\000i\000t\000s}{}% 91
\BOOKMARK [1][-]{section.10.1}{\376\377\000W\000h\000a\000t\000\040\000t\000h\000i\000s\000\040\000t\000h\000e\000s\000i\000s\000\040\000h\000a\000s\000\040\000s\000h\000o\000w\000n}{chapter.10}% 92
\BOOKMARK [1][-]{section.10.2}{\376\377\000W\000h\000a\000t\000\040\000t\000h\000i\000s\000\040\000t\000h\000e\000s\000i\000s\000\040\000h\000a\000s\000\040\000n\000o\000t\000\040\000s\000h\000o\000w\000n}{chapter.10}% 93
\BOOKMARK [1][-]{section.10.3}{\376\377\000I\000m\000p\000l\000i\000c\000a\000t\000i\000o\000n\000s\000\040\000f\000o\000r\000\040\000R\000a\000w\000l\000s\000i\000a\000n\000s}{chapter.10}% 94
\BOOKMARK [1][-]{section.10.4}{\376\377\000I\000m\000p\000l\000i\000c\000a\000t\000i\000o\000n\000s\000\040\000f\000o\000r\000\040\000c\000o\000n\000v\000e\000r\000g\000e\000n\000c\000e\000\040\000t\000h\000e\000o\000r\000i\000s\000t\000s}{chapter.10}% 95
\BOOKMARK [1][-]{section.10.5}{\376\377\000I\000m\000p\000l\000i\000c\000a\000t\000i\000o\000n\000s\000\040\000f\000o\000r\000\040\000d\000e\000m\000o\000c\000r\000a\000t\000i\000c\000\040\000d\000e\000s\000i\000g\000n}{chapter.10}% 96
\BOOKMARK [1][-]{section.10.6}{\376\377\000F\000u\000t\000u\000r\000e\000\040\000d\000i\000r\000e\000c\000t\000i\000o\000n\000s}{chapter.10}% 97
\BOOKMARK [1][-]{section.10.7}{\376\377\000F\000i\000n\000a\000l\000\040\000r\000e\000f\000l\000e\000c\000t\000i\000o\000n\000s}{chapter.10}% 98
\BOOKMARK [0][-]{appendix.A}{\376\377\000A\000\040\000m\000i\000n\000i\000m\000a\000l\000\040\000f\000o\000r\000m\000a\000l\000\040\000s\000k\000e\000t\000c\000h}{}% 99
\BOOKMARK [1][-]{section.A.1}{\376\377\000S\000t\000a\000t\000e\000s\000,\000\040\000p\000o\000l\000i\000c\000i\000e\000s\000,\000\040\000a\000n\000d\000\040\000j\000u\000s\000t\000i\000f\000i\000c\000a\000t\000o\000r\000y\000\040\000s\000t\000a\000t\000u\000s}{appendix.A}% 100
\BOOKMARK [1][-]{section.A.2}{\376\377\000C\000i\000t\000i\000z\000e\000n\000\040\000m\000o\000d\000e\000l\000s\000\040\000a\000n\000d\000\040\000b\000o\000u\000n\000d\000e\000d\000\040\000u\000p\000d\000a\000t\000i\000n\000g}{appendix.A}% 101
\BOOKMARK [1][-]{section.A.3}{\376\377\000D\000r\000i\000f\000t\000\040\000a\000n\000d\000\040\000t\000r\000a\000c\000k\000i\000n\000g\000\040\000e\000r\000r\000o\000r}{appendix.A}% 102
